// Jest Snapshot v1, https://goo.gl/fbAQLP

exports[`App snapshot renders 1`] = `
<div
  className="App"
>
  <div
    style={
      Object {
        "background": "#f6f9fc",
      }
    }
  >
    <header
      className="landing-cta"
    >
      <nav
        className="nav-wrapper"
      >
        <h1
          className="nav-vase-logo white"
        >
          Vase
        </h1>
        <a
          aria-current={null}
          className="nav-link"
          href="/login"
          onClick={[Function]}
        >
          Sign In
        </a>
      </nav>
      <div
        className="cta-content-wrapper"
      >
        <h1>
          A new way to engage
        </h1>
        <p
          className="landing-cta-content"
        >
          Vase is the smart approach to engaging with your neighbors. See what others are up to on your block. Check in to see what issues within your community need to be addressed. Give your local officials an idea of what concerns you most. Vase turns the web into a virtual town hall. How will you help build your community?
        </p>
        <button
          className="btn-cta"
          onClick={[Function]}
        >
          Get Started
        </button>
      </div>
      <div
        id="device-container"
      >
        <div
          className="css-mx9hnp-PhoneIcon"
        >
          <div
            className="css-407xgl-PhoneIcon"
          >
            <div
              className="css-44wwz4-PhoneIcon"
            >
              <embed
                alt="iphone icon"
                src="iphone.svg"
              />
            </div>
          </div>
        </div>
        <div
          className="css-iu2rbe-TabletIcon"
        >
          <div
            className="css-13hunaa-TabletIcon"
          >
            <div
              className="css-nvxig3-TabletIcon"
            >
              <embed
                alt="tablet icon"
                src="tablet.svg"
              />
            </div>
          </div>
        </div>
      </div>
    </header>
    <section
      className="landing-features"
    >
      <div
        className="landing-features-outer-wrapper"
      >
        <h1>
          Build your community
        </h1>
        <div
          className="landing-features-inner-wrapper"
        >
          <section
            className="landing-features-template"
          >
            <h2>
              Raise local awareness
            </h2>
            <p>
              We believe in democratic participation at all levels of government, and we understand that not everyone has time to attend town hallmeetings, public demonstrations, or even vote for local offices.  Make yourvoice heard by creating community concerns and allow others to upvote it to let local officialsknow what you deem important.
            </p>
            <form
              className="form-landing"
              onSubmit={[Function]}
            >
              <label>
                <input
                  className="input-landing"
                  name="zipcode"
                  onChange={[Function]}
                  placeholder="Enter your city's zipcode"
                  type="text"
                  value=""
                />
              </label>
              <button
                id="btn-zip"
                onClick={[Function]}
              >
                Go!
              </button>
            </form>
          </section>
          <section
            className="landing-features-template"
          >
            <h2>
              Organize community events
            </h2>
            <p>
              Want to create a community event in your city? March for something you believe in.  Demonstrate for what you believe is right.  If your message needs to be heard, we'll provide the platform.
            </p>
          </section>
        </div>
      </div>
    </section>
  </div>
</div>
`;
